BAN_ADD 32768
BAN_BURSTED 4
BAN_BURST_WIPEOUT 8
BAN_DEL 16384
BAN_EXCEPTION 16
BAN_IPMASK 1
BAN_OVERLAPPED 2
FLAG_ACCOUNT 30
FLAG_BLOCKED 3
FLAG_BLOCK_UNAUTH_USERS 27
FLAG_BURST 14
FLAG_BURST_ACK 15
FLAG_CAP302 32
FLAG_CHSERV 28
FLAG_CLOSING 4
FLAG_COMMONCHANS 37
FLAG_DEADSOCKET 1
FLAG_DEAF 26
FLAG_DEBUG 29
FLAG_EXEMPT_THROTTLE 19
FLAG_GOTID 9
FLAG_HIDDENHOST 31
FLAG_HIDEIDLE 36
FLAG_HUB 6
FLAG_IAUTH_STATS 17
FLAG_INVISIBLE 24
FLAG_IPCHECK 16
FLAG_IPV6 7
FLAG_JUNCTION 13
FLAG_KILLED 2
FLAG_LOCOP 20
FLAG_MAP 12
FLAG_NEGOTIATING_TLS 18
FLAG_NONL 10
FLAG_OPER 22
FLAG_PINGSENT 0
FLAG_SASL 23
FLAG_SERVICE 8
FLAG_SERVNOTICE 21
FLAG_SPAMHOLD 35
FLAG_TLS 33
FLAG_TLS_RAW 34
FLAG_TS8 11
FLAG_UPING 5
FLAG_WALLOP 25
GLINE_ACTIVE 1
GLINE_ANY 16
GLINE_BADCHAN 4
GLINE_EXACT 64
GLINE_EXPIRE 4096
GLINE_FORCE 32
GLINE_GLOBAL 256
GLINE_IPMASK 2
GLINE_LASTMOD 512
GLINE_LDEACT 128
GLINE_LIFETIME 8192
GLINE_LOCAL 8
GLINE_OPERFORCE 1024
GLINE_REALNAME 2048
GLINE_REASON 16384
GLOCAL_ACTIVATED 1
GLOCAL_DEACTIVATED 2
GLOCAL_GLOBAL 0
SLINE_ACTIVE 1
SLINE_CHANNEL 2
SLINE_EXPIRE 4
SLINE_INVALID 2
SLINE_MSGTYPE 8
SLINE_PART 4
SLINE_PRIVATE 1
SLINE_QUIT 8
SLINE_STATE 16
SNO_AUTH 131072
SNO_AUTO 32768
SNO_CONNEXIT 16384
SNO_DEBUG 65536
SNO_GLINE 512
SNO_HACK2 8
SNO_HACK3 16
SNO_HACK4 256
SNO_IPMISMATCH 2048
SNO_NETWORK 1024
SNO_OLDREALOP 8192
SNO_OLDSNO 1
SNO_OPERKILL 4
SNO_SERVKILL 2
SNO_TCPCOMMON 64
SNO_THROTTLE 4096
SNO_TOOMANY 128
SNO_UNAUTH 32
